0 verbose cli /nix/store/4pl6afcwfmv0xn65r7mqjy3avpb785j9-nodejs-slim-24.14.0/bin/node /nix/store/sma9mk6iadva3r3b52a5zx8dmnaai4bl-nodejs-slim-24.14.0-npm/lib/node_modules/npm/bin/npm-cli.js
1 info using npm@11.9.0
2 info using node@v24.14.0
3 silly config load:file:/nix/store/sma9mk6iadva3r3b52a5zx8dmnaai4bl-nodejs-slim-24.14.0-npm/lib/node_modules/npm/npmrc
4 silly config load:file:/storage/git/vidpovidi-nure/.npmrc
5 silly config load:file:/home/user/.npmrc
6 silly config load:file:/nix/store/4pl6afcwfmv0xn65r7mqjy3avpb785j9-nodejs-slim-24.14.0/etc/npmrc
7 verbose title npm exec quartz sync
8 verbose argv "exec" "--" "quartz" "sync"
9 verbose logfile logs-max:10 dir:/storage/git/vidpovidi-nure/"$XDG_CACHE_HOME"/npm/_logs/2026-04-27T11_12_59_991Z-
10 verbose logfile /storage/git/vidpovidi-nure/"$XDG_CACHE_HOME"/npm/_logs/2026-04-27T11_12_59_991Z-debug-0.log
11 silly logfile done cleaning log files
12 silly packumentCache heap:4496293888 maxSize:1124073472 maxEntrySize:562036736
13 verbose shrinkwrap failed to load node_modules/.package-lock.json missing from node_modules: node_modules/@emnapi/runtime
14 silly packumentCache heap:4496293888 maxSize:1124073472 maxEntrySize:562036736
15 silly idealTree buildDeps
16 silly placeDep ROOT @jackyzha0/quartz@4.5.2 OK for:  want: file:../../../..
17 silly reify moves {}
18 silly audit bulk request { '@jackyzha0/quartz': [ '4.5.2' ] }
19 http fetch GET 200 https://registry.npmjs.org/npm 339ms
20 http fetch POST 200 https://registry.npmjs.org/-/npm/v1/security/advisories/bulk 333ms
21 silly audit report {}
